CRITICAL - 2026-06-02 15:05:42 --> ErrorException: Undefined variable $rotes
[Method: GET, Route: entregas]
in APPPATH\Config\Routes.php on line 32.
 1 APPPATH\Config\Routes.php(32): CodeIgniter\Debug\Exceptions->errorHandler(2, 'Undefined variable $rotes', 'C:\\xampp\\htdocs\\Protec_EPIs\\app\\Config\\Routes.php', 32)
 2 SYSTEMPATH\Router\RouteCollection.php(339): require('C:\\xampp\\htdocs\\Protec_EPIs\\app\\Config\\Routes.php')
 3 SYSTEMPATH\CodeIgniter.php(818): CodeIgniter\Router\RouteCollection->loadRoutes()
 4 SYSTEMPATH\CodeIgniter.php(441): CodeIgniter\CodeIgniter->tryToRouteIt(null)
 5 SYSTEMPATH\CodeIgniter.php(340): CodeIgniter\CodeIgniter->handleRequest(null, Object(Config\Cache), false)
 6 SYSTEMPATH\Boot.php(417): CodeIgniter\CodeIgniter->run()
 7 SYSTEMPATH\Boot.php(68): CodeIgniter\Boot::runCodeIgniter(Object(CodeIgniter\CodeIgniter))
 8 FCPATH\index.php(64): CodeIgniter\Boot::bootWeb(Object(Config\Paths))
CRITICAL - 2026-06-02 15:06:44 --> CodeIgniter\View\Exceptions\ViewException: Invalid file: "entrgas.php"
[Method: GET, Route: entregas]
in SYSTEMPATH\Exceptions\FrameworkException.php on line 39.
 1 SYSTEMPATH\View\View.php(226): CodeIgniter\Exceptions\FrameworkException::forInvalidFile('entrgas.php')
 2 SYSTEMPATH\Common.php(1250): CodeIgniter\View\View->render('entrgas', [], true)
 3 APPPATH\Controllers\Home.php(98): view('entrgas')
 4 SYSTEMPATH\CodeIgniter.php(951): App\Controllers\Home->entregas()
 5 SYSTEMPATH\CodeIgniter.php(497): CodeIgniter\CodeIgniter->runController(Object(App\Controllers\Home))
 6 SYSTEMPATH\CodeIgniter.php(340): CodeIgniter\CodeIgniter->handleRequest(null, Object(Config\Cache), false)
 7 SYSTEMPATH\Boot.php(417): CodeIgniter\CodeIgniter->run()
 8 SYSTEMPATH\Boot.php(68): CodeIgniter\Boot::runCodeIgniter(Object(CodeIgniter\CodeIgniter))
 9 FCPATH\index.php(64): CodeIgniter\Boot::bootWeb(Object(Config\Paths))
CRITICAL - 2026-06-02 15:08:18 --> CodeIgniter\View\Exceptions\ViewException: Invalid file: "entrgas.php"
[Method: GET, Route: entregas]
in SYSTEMPATH\Exceptions\FrameworkException.php on line 39.
 1 SYSTEMPATH\View\View.php(226): CodeIgniter\Exceptions\FrameworkException::forInvalidFile('entrgas.php')
 2 SYSTEMPATH\Common.php(1250): CodeIgniter\View\View->render('entrgas', [], true)
 3 APPPATH\Controllers\Home.php(98): view('entrgas')
 4 SYSTEMPATH\CodeIgniter.php(951): App\Controllers\Home->entregas()
 5 SYSTEMPATH\CodeIgniter.php(497): CodeIgniter\CodeIgniter->runController(Object(App\Controllers\Home))
 6 SYSTEMPATH\CodeIgniter.php(340): CodeIgniter\CodeIgniter->handleRequest(null, Object(Config\Cache), false)
 7 SYSTEMPATH\Boot.php(417): CodeIgniter\CodeIgniter->run()
 8 SYSTEMPATH\Boot.php(68): CodeIgniter\Boot::runCodeIgniter(Object(CodeIgniter\CodeIgniter))
 9 FCPATH\index.php(64): CodeIgniter\Boot::bootWeb(Object(Config\Paths))
CRITICAL - 2026-06-02 15:08:57 --> CodeIgniter\View\Exceptions\ViewException: Invalid file: "entrgas.php"
[Method: GET, Route: entregas]
in SYSTEMPATH\Exceptions\FrameworkException.php on line 39.
 1 SYSTEMPATH\View\View.php(226): CodeIgniter\Exceptions\FrameworkException::forInvalidFile('entrgas.php')
 2 SYSTEMPATH\Common.php(1250): CodeIgniter\View\View->render('entrgas', [], true)
 3 APPPATH\Controllers\Home.php(98): view('entrgas')
 4 SYSTEMPATH\CodeIgniter.php(951): App\Controllers\Home->entregas()
 5 SYSTEMPATH\CodeIgniter.php(497): CodeIgniter\CodeIgniter->runController(Object(App\Controllers\Home))
 6 SYSTEMPATH\CodeIgniter.php(340): CodeIgniter\CodeIgniter->handleRequest(null, Object(Config\Cache), false)
 7 SYSTEMPATH\Boot.php(417): CodeIgniter\CodeIgniter->run()
 8 SYSTEMPATH\Boot.php(68): CodeIgniter\Boot::runCodeIgniter(Object(CodeIgniter\CodeIgniter))
 9 FCPATH\index.php(64): CodeIgniter\Boot::bootWeb(Object(Config\Paths))
CRITICAL - 2026-06-02 15:08:57 --> CodeIgniter\View\Exceptions\ViewException: Invalid file: "entrgas.php"
[Method: GET, Route: entregas]
in SYSTEMPATH\Exceptions\FrameworkException.php on line 39.
 1 SYSTEMPATH\View\View.php(226): CodeIgniter\Exceptions\FrameworkException::forInvalidFile('entrgas.php')
 2 SYSTEMPATH\Common.php(1250): CodeIgniter\View\View->render('entrgas', [], true)
 3 APPPATH\Controllers\Home.php(98): view('entrgas')
 4 SYSTEMPATH\CodeIgniter.php(951): App\Controllers\Home->entregas()
 5 SYSTEMPATH\CodeIgniter.php(497): CodeIgniter\CodeIgniter->runController(Object(App\Controllers\Home))
 6 SYSTEMPATH\CodeIgniter.php(340): CodeIgniter\CodeIgniter->handleRequest(null, Object(Config\Cache), false)
 7 SYSTEMPATH\Boot.php(417): CodeIgniter\CodeIgniter->run()
 8 SYSTEMPATH\Boot.php(68): CodeIgniter\Boot::runCodeIgniter(Object(CodeIgniter\CodeIgniter))
 9 FCPATH\index.php(64): CodeIgniter\Boot::bootWeb(Object(Config\Paths))
CRITICAL - 2026-06-02 15:08:57 --> CodeIgniter\View\Exceptions\ViewException: Invalid file: "entrgas.php"
[Method: GET, Route: entregas]
in SYSTEMPATH\Exceptions\FrameworkException.php on line 39.
 1 SYSTEMPATH\View\View.php(226): CodeIgniter\Exceptions\FrameworkException::forInvalidFile('entrgas.php')
 2 SYSTEMPATH\Common.php(1250): CodeIgniter\View\View->render('entrgas', [], true)
 3 APPPATH\Controllers\Home.php(98): view('entrgas')
 4 SYSTEMPATH\CodeIgniter.php(951): App\Controllers\Home->entregas()
 5 SYSTEMPATH\CodeIgniter.php(497): CodeIgniter\CodeIgniter->runController(Object(App\Controllers\Home))
 6 SYSTEMPATH\CodeIgniter.php(340): CodeIgniter\CodeIgniter->handleRequest(null, Object(Config\Cache), false)
 7 SYSTEMPATH\Boot.php(417): CodeIgniter\CodeIgniter->run()
 8 SYSTEMPATH\Boot.php(68): CodeIgniter\Boot::runCodeIgniter(Object(CodeIgniter\CodeIgniter))
 9 FCPATH\index.php(64): CodeIgniter\Boot::bootWeb(Object(Config\Paths))
CRITICAL - 2026-06-02 15:09:22 --> CodeIgniter\View\Exceptions\ViewException: Invalid file: "entrgas.php"
[Method: GET, Route: entregas]
in SYSTEMPATH\Exceptions\FrameworkException.php on line 39.
 1 SYSTEMPATH\View\View.php(226): CodeIgniter\Exceptions\FrameworkException::forInvalidFile('entrgas.php')
 2 SYSTEMPATH\Common.php(1250): CodeIgniter\View\View->render('entrgas', [], true)
 3 APPPATH\Controllers\Home.php(98): view('entrgas')
 4 SYSTEMPATH\CodeIgniter.php(951): App\Controllers\Home->entregas()
 5 SYSTEMPATH\CodeIgniter.php(497): CodeIgniter\CodeIgniter->runController(Object(App\Controllers\Home))
 6 SYSTEMPATH\CodeIgniter.php(340): CodeIgniter\CodeIgniter->handleRequest(null, Object(Config\Cache), false)
 7 SYSTEMPATH\Boot.php(417): CodeIgniter\CodeIgniter->run()
 8 SYSTEMPATH\Boot.php(68): CodeIgniter\Boot::runCodeIgniter(Object(CodeIgniter\CodeIgniter))
 9 FCPATH\index.php(64): CodeIgniter\Boot::bootWeb(Object(Config\Paths))
CRITICAL - 2026-06-02 15:10:07 --> CodeIgniter\View\Exceptions\ViewException: Invalid file: "entrgas.php"
[Method: GET, Route: entregas]
in SYSTEMPATH\Exceptions\FrameworkException.php on line 39.
 1 SYSTEMPATH\View\View.php(226): CodeIgniter\Exceptions\FrameworkException::forInvalidFile('entrgas.php')
 2 SYSTEMPATH\Common.php(1250): CodeIgniter\View\View->render('entrgas', [], true)
 3 APPPATH\Controllers\Home.php(98): view('entrgas')
 4 SYSTEMPATH\CodeIgniter.php(951): App\Controllers\Home->entregas()
 5 SYSTEMPATH\CodeIgniter.php(497): CodeIgniter\CodeIgniter->runController(Object(App\Controllers\Home))
 6 SYSTEMPATH\CodeIgniter.php(340): CodeIgniter\CodeIgniter->handleRequest(null, Object(Config\Cache), false)
 7 SYSTEMPATH\Boot.php(417): CodeIgniter\CodeIgniter->run()
 8 SYSTEMPATH\Boot.php(68): CodeIgniter\Boot::runCodeIgniter(Object(CodeIgniter\CodeIgniter))
 9 FCPATH\index.php(64): CodeIgniter\Boot::bootWeb(Object(Config\Paths))
CRITICAL - 2026-06-02 15:10:07 --> CodeIgniter\View\Exceptions\ViewException: Invalid file: "entrgas.php"
[Method: GET, Route: entregas]
in SYSTEMPATH\Exceptions\FrameworkException.php on line 39.
 1 SYSTEMPATH\View\View.php(226): CodeIgniter\Exceptions\FrameworkException::forInvalidFile('entrgas.php')
 2 SYSTEMPATH\Common.php(1250): CodeIgniter\View\View->render('entrgas', [], true)
 3 APPPATH\Controllers\Home.php(98): view('entrgas')
 4 SYSTEMPATH\CodeIgniter.php(951): App\Controllers\Home->entregas()
 5 SYSTEMPATH\CodeIgniter.php(497): CodeIgniter\CodeIgniter->runController(Object(App\Controllers\Home))
 6 SYSTEMPATH\CodeIgniter.php(340): CodeIgniter\CodeIgniter->handleRequest(null, Object(Config\Cache), false)
 7 SYSTEMPATH\Boot.php(417): CodeIgniter\CodeIgniter->run()
 8 SYSTEMPATH\Boot.php(68): CodeIgniter\Boot::runCodeIgniter(Object(CodeIgniter\CodeIgniter))
 9 FCPATH\index.php(64): CodeIgniter\Boot::bootWeb(Object(Config\Paths))
CRITICAL - 2026-06-02 15:10:08 --> CodeIgniter\View\Exceptions\ViewException: Invalid file: "entrgas.php"
[Method: GET, Route: entregas]
in SYSTEMPATH\Exceptions\FrameworkException.php on line 39.
 1 SYSTEMPATH\View\View.php(226): CodeIgniter\Exceptions\FrameworkException::forInvalidFile('entrgas.php')
 2 SYSTEMPATH\Common.php(1250): CodeIgniter\View\View->render('entrgas', [], true)
 3 APPPATH\Controllers\Home.php(98): view('entrgas')
 4 SYSTEMPATH\CodeIgniter.php(951): App\Controllers\Home->entregas()
 5 SYSTEMPATH\CodeIgniter.php(497): CodeIgniter\CodeIgniter->runController(Object(App\Controllers\Home))
 6 SYSTEMPATH\CodeIgniter.php(340): CodeIgniter\CodeIgniter->handleRequest(null, Object(Config\Cache), false)
 7 SYSTEMPATH\Boot.php(417): CodeIgniter\CodeIgniter->run()
 8 SYSTEMPATH\Boot.php(68): CodeIgniter\Boot::runCodeIgniter(Object(CodeIgniter\CodeIgniter))
 9 FCPATH\index.php(64): CodeIgniter\Boot::bootWeb(Object(Config\Paths))
CRITICAL - 2026-06-02 15:10:09 --> CodeIgniter\View\Exceptions\ViewException: Invalid file: "entrgas.php"
[Method: GET, Route: entregas]
in SYSTEMPATH\Exceptions\FrameworkException.php on line 39.
 1 SYSTEMPATH\View\View.php(226): CodeIgniter\Exceptions\FrameworkException::forInvalidFile('entrgas.php')
 2 SYSTEMPATH\Common.php(1250): CodeIgniter\View\View->render('entrgas', [], true)
 3 APPPATH\Controllers\Home.php(98): view('entrgas')
 4 SYSTEMPATH\CodeIgniter.php(951): App\Controllers\Home->entregas()
 5 SYSTEMPATH\CodeIgniter.php(497): CodeIgniter\CodeIgniter->runController(Object(App\Controllers\Home))
 6 SYSTEMPATH\CodeIgniter.php(340): CodeIgniter\CodeIgniter->handleRequest(null, Object(Config\Cache), false)
 7 SYSTEMPATH\Boot.php(417): CodeIgniter\CodeIgniter->run()
 8 SYSTEMPATH\Boot.php(68): CodeIgniter\Boot::runCodeIgniter(Object(CodeIgniter\CodeIgniter))
 9 FCPATH\index.php(64): CodeIgniter\Boot::bootWeb(Object(Config\Paths))
